14185.846253
The time of the calculating of 1000000 iterations: 704961.000000 clocks or 0.704961 seconds
