-0.000181
The time of the calculating of 1000000 iterations: 128269.000000 clocks or 0.128269 seconds
