3.819035
The time of the calculating of 100000 iterations: 13723.000000 clocks or 0.013723 seconds
