1.000000
The time of the calculating of 1000000 iterations: 17068.000000 clocks or 0.017068 seconds
