0.249350
The time of the calculating of 1000000 iterations: 98282.000000 clocks or 0.098282 seconds
