0.135484
The time of the calculating of 100000 iterations: 8745.000000 clocks or 0.008745 seconds
