0.049977
The time of the calculating of 100000 iterations: 19040.000000 clocks or 0.019040 seconds
