14185.846215
The time of the calculating of 1000000 iterations: 419379.000000 clocks or 0.419379 seconds
