103362.748478
The time of the calculating of 1000000 iterations: 492623.000000 clocks or 0.492623 seconds
