3.819044
The time of the calculating of 1000000 iterations: 177312.000000 clocks or 0.177312 seconds
