1.000000
The time of the calculating of 1000000 iterations: 15157.000000 clocks or 0.015157 seconds
