0.008346
The time of the calculating of 1000000 iterations: 277515.000000 clocks or 0.277515 seconds
