0.000040
The time of the calculating of 1000000 iterations: 374822.000000 clocks or 0.374822 seconds
